Read	.target.tmpdir nil
Log	Failed to set temporary directory: nil
Dir	.product.features.section: []
Dump	
Dump	== Checking Functions ==
Return	true
Return	true
Return	true
Return	true
Return	true
Return	true
Return	true
Return	true
Return	true
Return	true
Return	false
Return	false
Return	false
Return	false
Return	false
Dump	
