Read	.sysconfig.personal-firewall.REJECT_ALL_INCOMING_CONNECTIONS ""
Dump	=======================
Return	$["out":"<ul><li>Firewall is disabled</li></ul>", "warning":""]
Return	nil
Return	$["out":"<ul><li>Firewall is enabled</li><li>External Interfaces: modem0 modem1</li><li>Internal Interfaces: eth-id-00:50:fc:74:b5:6f eth-id-00:c0:df:22:c6:a8 slp0 slp1</li><li>Open TCP Ports: none</li><li>Open UDP Ports: none</li></ul>", "warning":""]
Dump	=======================
