Read	.sysconfig.personal-firewall.REJECT_ALL_INCOMING_CONNECTIONS ""
Dump	=======================
Return	true
Dump	$["FW_ALLOW_FW_TRACEROUTE":"yes", "FW_AUTOPROTECT_SERVICES":"yes", "FW_DEV_DMZ":"", "FW_DEV_EXT":"eth-id-00:c0:df:22:c6:a8 modem0 modem1", "FW_DEV_INT":"eth-id-00:50:fc:74:b5:6f slp0 slp1", "FW_IPSEC_TRUST":"no", "FW_LOG_ACCEPT_ALL":"no", "FW_LOG_ACCEPT_CRIT":"yes", "FW_LOG_DROP_ALL":"no", "FW_LOG_DROP_CRIT":"yes", "FW_MASQUERADE":"no", "FW_MASQ_NETS":"", "FW_PROTECT_FROM_INTERNAL":"yes", "FW_ROUTE":"no", "FW_SERVICES_DMZ_IP":"", "FW_SERVICES_DMZ_RPC":"", "FW_SERVICES_DMZ_TCP":"", "FW_SERVICES_DMZ_UDP":"", "FW_SERVICES_EXT_IP":"", "FW_SERVICES_EXT_RPC":"fypxfrd ypbind yppasswdd ypserv", "FW_SERVICES_EXT_TCP":"32768 5801 5901 http microsoft-ds netbios-dgm netbios-ns netbios-ssn nfs ssh sunrpc", "FW_SERVICES_EXT_UDP":"32768 sunrpc tftp", "FW_SERVICES_INT_IP":"", "FW_SERVICES_INT_RPC":"", "FW_SERVICES_INT_TCP":"", "FW_SERVICES_INT_UDP":""]
Return	true
Dump	$["FW_ALLOW_FW_TRACEROUTE":"yes", "FW_AUTOPROTECT_SERVICES":"yes", "FW_DEV_DMZ":"", "FW_DEV_EXT":"eth-id-00:c0:df:22:c6:a8 modem0 modem1", "FW_DEV_INT":"eth-id-00:50:fc:74:b5:6f slp0 slp1", "FW_IPSEC_TRUST":"no", "FW_LOG_ACCEPT_ALL":"no", "FW_LOG_ACCEPT_CRIT":"yes", "FW_LOG_DROP_ALL":"no", "FW_LOG_DROP_CRIT":"yes", "FW_MASQUERADE":"no", "FW_MASQ_NETS":"", "FW_PROTECT_FROM_INTERNAL":"yes", "FW_ROUTE":"no", "FW_SERVICES_DMZ_IP":"", "FW_SERVICES_DMZ_RPC":"", "FW_SERVICES_DMZ_TCP":"", "FW_SERVICES_DMZ_UDP":"", "FW_SERVICES_EXT_IP":"", "FW_SERVICES_EXT_RPC":"fypxfrd ypbind yppasswdd ypserv", "FW_SERVICES_EXT_TCP":"32768 5801 5901 http microsoft-ds netbios-dgm netbios-ns netbios-ssn nfs ssh sunrpc", "FW_SERVICES_EXT_UDP":"32768 sunrpc tftp", "FW_SERVICES_INT_IP":"", "FW_SERVICES_INT_RPC":"mountd nfs nfs_acl nlockmgr status", "FW_SERVICES_INT_TCP":" domain", "FW_SERVICES_INT_UDP":" domain"]
Dump	=======================
