Read	.sysconfig.personal-firewall.REJECT_ALL_INCOMING_CONNECTIONS ""
Dump	=======================
Return	["<h3>External Interfaces</h3><p>eth-id-00:c0:df:22:c6:a8 modem0 modem1</p><h3>Internal Interfaces</h3><p>eth-id-00:50:fc:74:b5:6f slp0 slp1</p><h3>Protect from Internal</h3><p>yes</p><h3>External Services</h3><p>TCP: domain ssh sunrpc 5801 5901 http nfs 32768 netbios-ns netbios-dgm netbios-ssn microsoft-ds</p><p>UDP: domain sunrpc 32768 tftp</p><p>RPC: nlockmgr status nfs nfs_acl mountd ypserv fypxfrd ypbind yppasswdd</p><p>(Start the configuration to view more options)</p>", []]
Dump	=======================
