Read	.sysconfig.personal-firewall.REJECT_ALL_INCOMING_CONNECTIONS nil
Return	true
Return	false
Return	true
Dump	$["BZUM":"http", "FW_DEV_DMZ":"eth0 eth2"]
