Read	.sysconfig.personal-firewall.REJECT_ALL_INCOMING_CONNECTIONS ""
Dump	=======================
Return	nil
Return	$["out":"<ul><li>Firewall is disabled</li></ul>", "warning":""]
Dump	=======================
