Read	.sysconfig.personal-firewall.REJECT_ALL_INCOMING_CONNECTIONS ""
Dump	=======================
Read	.sysconfig.SuSEfirewall2.FW_IPSEC_TRUST "no"
Read	.sysconfig.SuSEfirewall2.FW_LOG_ACCEPT_ALL "no"
Read	.sysconfig.SuSEfirewall2.FW_LOG_ACCEPT_CRIT "yes"
Read	.sysconfig.SuSEfirewall2.FW_LOG_DROP_ALL "no"
Read	.sysconfig.SuSEfirewall2.FW_LOG_DROP_CRIT "yes"
Read	.sysconfig.SuSEfirewall2.FW_PROTECT_FROM_INTERNAL "yes"
Read	.sysconfig.SuSEfirewall2.FW_DEV_DMZ ""
Read	.sysconfig.SuSEfirewall2.FW_DEV_INT "eth-id-00:50:fc:74:b5:6f slp0 slp1"
Read	.sysconfig.SuSEfirewall2.FW_DEV_EXT "eth-id-00:c0:df:22:c6:a8 modem0 modem1"
Read	.sysconfig.SuSEfirewall2.FW_SERVICES_DMZ_IP ""
Read	.sysconfig.SuSEfirewall2.FW_SERVICES_EXT_IP ""
Read	.sysconfig.SuSEfirewall2.FW_SERVICES_INT_IP ""
Read	.sysconfig.SuSEfirewall2.FW_SERVICES_DMZ_UDP ""
Read	.sysconfig.SuSEfirewall2.FW_SERVICES_INT_UDP ""
Read	.sysconfig.SuSEfirewall2.FW_SERVICES_EXT_UDP "domain sunrpc 32768 tftp"
Read	.sysconfig.SuSEfirewall2.FW_SERVICES_DMZ_TCP ""
Read	.sysconfig.SuSEfirewall2.FW_SERVICES_INT_TCP ""
Read	.sysconfig.SuSEfirewall2.FW_SERVICES_EXT_TCP "domain ssh sunrpc 5801 5901 http nfs 32768 netbios-ns netbios-dgm netbios-ssn microsoft-ds"
Read	.sysconfig.SuSEfirewall2.FW_AUTOPROTECT_SERVICES "yes"
Read	.sysconfig.SuSEfirewall2.FW_MASQ_NETS ""
Read	.sysconfig.SuSEfirewall2.FW_ROUTE "no"
Read	.sysconfig.SuSEfirewall2.FW_MASQUERADE "no"
Read	.sysconfig.SuSEfirewall2.FW_ALLOW_FW_TRACEROUTE "yes"
Read	.sysconfig.SuSEfirewall2.FW_SERVICES_EXT_RPC "nlockmgr status nfs nfs_acl mountd ypserv fypxfrd ypbind yppasswdd"
Read	.sysconfig.SuSEfirewall2.FW_ALLOW_FW_BROADCAST "int"
Return	true
Return	true
Dump	=======================
